Archive member included because of file (symbol)

c:/siliconlabs/simplicitystudio/v4/developer/toolchains/gnu_arm/4.9_2015q3/bin/../lib/gcc/arm-none-eabi/4.9.3/armv7-m\libgcc.a(_arm_addsubdf3.o)
                              ./src/main.o (__aeabi_ui2d)
c:/siliconlabs/simplicitystudio/v4/developer/toolchains/gnu_arm/4.9_2015q3/bin/../lib/gcc/arm-none-eabi/4.9.3/armv7-m\libgcc.a(_arm_muldivdf3.o)
                              ./src/main.o (__aeabi_dmul)
c:/siliconlabs/simplicitystudio/v4/developer/toolchains/gnu_arm/4.9_2015q3/bin/../lib/gcc/arm-none-eabi/4.9.3/armv7-m\libgcc.a(_aeabi_uldivmod.o)
                              ./emlib/em_usart.o (__aeabi_uldivmod)
c:/siliconlabs/simplicitystudio/v4/developer/toolchains/gnu_arm/4.9_2015q3/bin/../lib/gcc/arm-none-eabi/4.9.3/armv7-m\libgcc.a(bpabi.o)
                              c:/siliconlabs/simplicitystudio/v4/developer/toolchains/gnu_arm/4.9_2015q3/bin/../lib/gcc/arm-none-eabi/4.9.3/armv7-m\libgcc.a(_aeabi_uldivmod.o) (__gnu_uldivmod_helper)
c:/siliconlabs/simplicitystudio/v4/developer/toolchains/gnu_arm/4.9_2015q3/bin/../lib/gcc/arm-none-eabi/4.9.3/armv7-m\libgcc.a(_dvmd_tls.o)
                              c:/siliconlabs/simplicitystudio/v4/developer/toolchains/gnu_arm/4.9_2015q3/bin/../lib/gcc/arm-none-eabi/4.9.3/armv7-m\libgcc.a(_aeabi_uldivmod.o) (__aeabi_ldiv0)
c:/siliconlabs/simplicitystudio/v4/developer/toolchains/gnu_arm/4.9_2015q3/bin/../lib/gcc/arm-none-eabi/4.9.3/armv7-m\libgcc.a(_divdi3.o)
                              c:/siliconlabs/simplicitystudio/v4/developer/toolchains/gnu_arm/4.9_2015q3/bin/../lib/gcc/arm-none-eabi/4.9.3/armv7-m\libgcc.a(bpabi.o) (__divdi3)
c:/siliconlabs/simplicitystudio/v4/developer/toolchains/gnu_arm/4.9_2015q3/bin/../lib/gcc/arm-none-eabi/4.9.3/armv7-m\libgcc.a(_udivdi3.o)
                              c:/siliconlabs/simplicitystudio/v4/developer/toolchains/gnu_arm/4.9_2015q3/bin/../lib/gcc/arm-none-eabi/4.9.3/armv7-m\libgcc.a(bpabi.o) (__udivdi3)
c:/siliconlabs/simplicitystudio/v4/developer/toolchains/gnu_arm/4.9_2015q3/bin/../lib/gcc/arm-none-eabi/4.9.3/../../../../arm-none-eabi/lib/armv7-m\libc_nano.a(lib_a-exit.o)
                              c:/siliconlabs/simplicitystudio/v4/developer/toolchains/gnu_arm/4.9_2015q3/bin/../lib/gcc/arm-none-eabi/4.9.3/../../../../arm-none-eabi/lib/armv7-m/crt0.o (exit)
c:/siliconlabs/simplicitystudio/v4/developer/toolchains/gnu_arm/4.9_2015q3/bin/../lib/gcc/arm-none-eabi/4.9.3/../../../../arm-none-eabi/lib/armv7-m\libc_nano.a(lib_a-impure.o)
                              c:/siliconlabs/simplicitystudio/v4/developer/toolchains/gnu_arm/4.9_2015q3/bin/../lib/gcc/arm-none-eabi/4.9.3/../../../../arm-none-eabi/lib/armv7-m\libc_nano.a(lib_a-exit.o) (_global_impure_ptr)
c:/siliconlabs/simplicitystudio/v4/developer/toolchains/gnu_arm/4.9_2015q3/bin/../lib/gcc/arm-none-eabi/4.9.3/../../../../arm-none-eabi/lib/armv7-m\libc_nano.a(lib_a-init.o)
                              c:/siliconlabs/simplicitystudio/v4/developer/toolchains/gnu_arm/4.9_2015q3/bin/../lib/gcc/arm-none-eabi/4.9.3/../../../../arm-none-eabi/lib/armv7-m/crt0.o (__libc_init_array)
c:/siliconlabs/simplicitystudio/v4/developer/toolchains/gnu_arm/4.9_2015q3/bin/../lib/gcc/arm-none-eabi/4.9.3/../../../../arm-none-eabi/lib/armv7-m\libc_nano.a(lib_a-memcpy.o)
                              ./src/main.o (memcpy)
c:/siliconlabs/simplicitystudio/v4/developer/toolchains/gnu_arm/4.9_2015q3/bin/../lib/gcc/arm-none-eabi/4.9.3/../../../../arm-none-eabi/lib/armv7-m\libc_nano.a(lib_a-memset.o)
                              c:/siliconlabs/simplicitystudio/v4/developer/toolchains/gnu_arm/4.9_2015q3/bin/../lib/gcc/arm-none-eabi/4.9.3/../../../../arm-none-eabi/lib/armv7-m/crt0.o (memset)
c:/siliconlabs/simplicitystudio/v4/developer/toolchains/gnu_arm/4.9_2015q3/bin/../lib/gcc/arm-none-eabi/4.9.3/../../../../arm-none-eabi/lib/armv7-m\libnosys.a(_exit.o)
                              c:/siliconlabs/simplicitystudio/v4/developer/toolchains/gnu_arm/4.9_2015q3/bin/../lib/gcc/arm-none-eabi/4.9.3/../../../../arm-none-eabi/lib/armv7-m\libc_nano.a(lib_a-exit.o) (_exit)

Allocating common symbols
Common symbol       size              file

ADC_data_in         0x4               ./src/main.o
AD_voltage          0x320             ./src/main.o
TimerCnt            0x4               ./src/main.o
ADC_data_in_tomb    0x190             ./src/main.o
msTicks             0x4               ./src/main.o

Discarded input sections

 .text          0x00000000        0x0 c:/siliconlabs/simplicitystudio/v4/developer/toolchains/gnu_arm/4.9_2015q3/bin/../lib/gcc/arm-none-eabi/4.9.3/armv7-m/crti.o
 .data          0x00000000        0x0 c:/siliconlabs/simplicitystudio/v4/developer/toolchains/gnu_arm/4.9_2015q3/bin/../lib/gcc/arm-none-eabi/4.9.3/armv7-m/crti.o
 .bss           0x00000000        0x0 c:/siliconlabs/simplicitystudio/v4/developer/toolchains/gnu_arm/4.9_2015q3/bin/../lib/gcc/arm-none-eabi/4.9.3/armv7-m/crti.o
 .data          0x00000000        0x4 c:/siliconlabs/simplicitystudio/v4/developer/toolchains/gnu_arm/4.9_2015q3/bin/../lib/gcc/arm-none-eabi/4.9.3/armv7-m/crtbegin.o
 .data          0x00000000        0x0 c:/siliconlabs/simplicitystudio/v4/developer/toolchains/gnu_arm/4.9_2015q3/bin/../lib/gcc/arm-none-eabi/4.9.3/../../../../arm-none-eabi/lib/armv7-m/crt0.o
 .bss           0x00000000        0x0 c:/siliconlabs/simplicitystudio/v4/developer/toolchains/gnu_arm/4.9_2015q3/bin/../lib/gcc/arm-none-eabi/4.9.3/../../../../arm-none-eabi/lib/armv7-m/crt0.o
 .ARM.extab     0x00000000        0x0 c:/siliconlabs/simplicitystudio/v4/developer/toolchains/gnu_arm/4.9_2015q3/bin/../lib/gcc/arm-none-eabi/4.9.3/../../../../arm-none-eabi/lib/armv7-m/crt0.o
 .data          0x00000000        0x0 ./CMSIS/EFM32GG/startup_efm32gg.o
 .bss           0x00000000        0x0 ./CMSIS/EFM32GG/startup_efm32gg.o
 .text          0x00000000        0x0 ./CMSIS/EFM32GG/system_efm32gg.o
 .data          0x00000000        0x0 ./CMSIS/EFM32GG/system_efm32gg.o
 .bss           0x00000000        0x0 ./CMSIS/EFM32GG/system_efm32gg.o
 .text.SystemHFXOClockSet
                0x00000000       0xe4 ./CMSIS/EFM32GG/system_efm32gg.o
 .text.SystemLFXOClockSet
                0x00000000       0xe4 ./CMSIS/EFM32GG/system_efm32gg.o
 .text          0x00000000        0x0 ./emlib/em_adc.o
 .data          0x00000000        0x0 ./emlib/em_adc.o
 .bss           0x00000000        0x0 ./emlib/em_adc.o
 .text.ADC_Init
                0x00000000       0x74 ./emlib/em_adc.o
 .text.ADC_InitScan
                0x00000000       0xc4 ./emlib/em_adc.o
 .text.ADC_InitSingle
                0x00000000       0xbc ./emlib/em_adc.o
 .text.ADC_PrescaleCalc
                0x00000000       0x4c ./emlib/em_adc.o
 .text.ADC_Reset
                0x00000000       0x74 ./emlib/em_adc.o
 .text.ADC_TimebaseCalc
                0x00000000       0x3c ./emlib/em_adc.o
 .debug_info    0x00000000      0xd16 ./emlib/em_adc.o
 .debug_abbrev  0x00000000      0x2e6 ./emlib/em_adc.o
 .debug_loc     0x00000000      0x747 ./emlib/em_adc.o
 .debug_aranges
                0x00000000       0x48 ./emlib/em_adc.o
 .debug_ranges  0x00000000       0xf0 ./emlib/em_adc.o
 .debug_line    0x00000000      0x477 ./emlib/em_adc.o
 .debug_str     0x00000000      0xbf0 ./emlib/em_adc.o
 .comment       0x00000000       0x71 ./emlib/em_adc.o
 .debug_frame   0x00000000       0xd8 ./emlib/em_adc.o
 .ARM.attributes
                0x00000000       0x33 ./emlib/em_adc.o
 .text          0x00000000        0x0 ./emlib/em_assert.o
 .data          0x00000000        0x0 ./emlib/em_assert.o
 .bss           0x00000000        0x0 ./emlib/em_assert.o
 .debug_line    0x00000000        0x0 ./emlib/em_assert.o
 .debug_str     0x00000000      0x11c ./emlib/em_assert.o
 .comment       0x00000000       0x71 ./emlib/em_assert.o
 .ARM.attributes
                0x00000000       0x33 ./emlib/em_assert.o
 .text          0x00000000        0x0 ./emlib/em_cmu.o
 .data          0x00000000        0x0 ./emlib/em_cmu.o
 .bss           0x00000000        0x0 ./emlib/em_cmu.o
 .text.CMU_UpdateWaitStates
                0x00000000       0x7c ./emlib/em_cmu.o
 .text.CMU_AUXHFRCOBandGet
                0x00000000       0x10 ./emlib/em_cmu.o
 .text.CMU_AUXHFRCOBandSet
                0x00000000       0x68 ./emlib/em_cmu.o
 .text.CMU_Calibrate
                0x00000000       0x58 ./emlib/em_cmu.o
 .text.CMU_CalibrateConfig
                0x00000000       0x7c ./emlib/em_cmu.o
 .text.CMU_CalibrateCountGet
                0x00000000       0x20 ./emlib/em_cmu.o
 .text.CMU_ClockDivGet
                0x00000000       0xd8 ./emlib/em_cmu.o
 .text.CMU_ClockDivSet
                0x00000000      0x32c ./emlib/em_cmu.o
 .text.CMU_FreezeEnable
                0x00000000       0x1c ./emlib/em_cmu.o
 .text.CMU_HFRCOBandGet
                0x00000000       0x10 ./emlib/em_cmu.o
 .text.CMU_HFRCOBandSet
                0x00000000      0x248 ./emlib/em_cmu.o
 .text.CMU_HFRCOStartupDelayGet
                0x00000000       0x10 ./emlib/em_cmu.o
 .text.CMU_HFRCOStartupDelaySet
                0x00000000       0x18 ./emlib/em_cmu.o
 .text.CMU_HFXOInit
                0x00000000       0x40 ./emlib/em_cmu.o
 .text.CMU_LCDClkFDIVGet
                0x00000000       0x10 ./emlib/em_cmu.o
 .text.CMU_LCDClkFDIVSet
                0x00000000       0x1c ./emlib/em_cmu.o
 .text.CMU_LFXOInit
                0x00000000       0x44 ./emlib/em_cmu.o
 .text.CMU_OscillatorTuningGet
                0x00000000       0x30 ./emlib/em_cmu.o
 .text.CMU_OscillatorTuningSet
                0x00000000       0x44 ./emlib/em_cmu.o
 .text.CMU_PCNTClockExternalGet
                0x00000000       0x30 ./emlib/em_cmu.o
 .text.CMU_PCNTClockExternalSet
                0x00000000       0x10 ./emlib/em_cmu.o
 .text          0x00000000        0x0 ./emlib/em_core.o
 .data          0x00000000        0x0 ./emlib/em_core.o
 .bss           0x00000000        0x0 ./emlib/em_core.o
 .text.CORE_CriticalDisableIrq
                0x00000000        0x4 ./emlib/em_core.o
 .text.CORE_CriticalEnableIrq
                0x00000000        0x4 ./emlib/em_core.o
 .text.CORE_EnterCritical
                0x00000000        0x8 ./emlib/em_core.o
 .text.CORE_ExitCritical
                0x00000000        0x8 ./emlib/em_core.o
 .text.CORE_YieldCritical
                0x00000000       0x10 ./emlib/em_core.o
 .text.CORE_AtomicDisableIrq
                0x00000000        0x4 ./emlib/em_core.o
 .text.CORE_AtomicEnableIrq
                0x00000000        0x4 ./emlib/em_core.o
 .text.CORE_EnterAtomic
                0x00000000        0x8 ./emlib/em_core.o
 .text.CORE_ExitAtomic
                0x00000000        0x8 ./emlib/em_core.o
 .text.CORE_YieldAtomic
                0x00000000       0x10 ./emlib/em_core.o
 .text.CORE_EnterNvicMask
                0x00000000       0x2c ./emlib/em_core.o
 .text.CORE_NvicDisableMask
                0x00000000       0x20 ./emlib/em_core.o
 .text.CORE_NvicEnableMask
                0x00000000       0x20 ./emlib/em_core.o
 .text.CORE_YieldNvicMask
                0x00000000       0x38 ./emlib/em_core.o
 .text.CORE_NvicMaskSetIRQ
                0x00000000       0x1c ./emlib/em_core.o
 .text.CORE_NvicMaskClearIRQ
                0x00000000       0x20 ./emlib/em_core.o
 .text.CORE_InIrqContext
                0x00000000       0x14 ./emlib/em_core.o
 .text.CORE_IrqIsBlocked
                0x00000000       0xa8 ./emlib/em_core.o
 .text.CORE_IrqIsDisabled
                0x00000000        0xc ./emlib/em_core.o
 .text.CORE_GetNvicEnabledMask
                0x00000000       0x20 ./emlib/em_core.o
 .text.CORE_GetNvicMaskDisableState
                0x00000000       0x2c ./emlib/em_core.o
 .text.CORE_NvicIRQDisabled
                0x00000000       0x20 ./emlib/em_core.o
 .text.CORE_GetNvicRamTableHandler
                0x00000000       0x10 ./emlib/em_core.o
 .text.CORE_SetNvicRamTableHandler
                0x00000000       0x10 ./emlib/em_core.o
 .text.CORE_InitNvicVectorTable
                0x00000000       0x58 ./emlib/em_core.o
 .debug_info    0x00000000      0xdf7 ./emlib/em_core.o
 .debug_abbrev  0x00000000      0x2cd ./emlib/em_core.o
 .debug_loc     0x00000000      0x773 ./emlib/em_core.o
 .debug_aranges
                0x00000000       0xe0 ./emlib/em_core.o
 .debug_ranges  0x00000000      0x118 ./emlib/em_core.o
 .debug_line    0x00000000      0x53e ./emlib/em_core.o
 .debug_str     0x00000000      0x835 ./emlib/em_core.o
 .comment       0x00000000       0x71 ./emlib/em_core.o
 .debug_frame   0x00000000      0x228 ./emlib/em_core.o
 .ARM.attributes
                0x00000000       0x33 ./emlib/em_core.o
 .text          0x00000000        0x0 ./emlib/em_dac.o
 .data          0x00000000        0x0 ./emlib/em_dac.o
 .bss           0x00000000        0x0 ./emlib/em_dac.o
 .text.DAC_Enable
                0x00000000       0x1c ./emlib/em_dac.o
 .text.DAC_Init
                0x00000000       0x80 ./emlib/em_dac.o
 .text.DAC_InitChannel
                0x00000000       0x30 ./emlib/em_dac.o
 .text.DAC_ChannelOutputSet
                0x00000000       0x10 ./emlib/em_dac.o
 .text.DAC_PrescaleCalc
                0x00000000       0x70 ./emlib/em_dac.o
 .text.DAC_Reset
                0x00000000       0x28 ./emlib/em_dac.o
 .debug_info    0x00000000      0x9e2 ./emlib/em_dac.o
 .debug_abbrev  0x00000000      0x2c7 ./emlib/em_dac.o
 .debug_loc     0x00000000      0x3a3 ./emlib/em_dac.o
 .debug_aranges
                0x00000000       0x48 ./emlib/em_dac.o
 .debug_ranges  0x00000000       0xa0 ./emlib/em_dac.o
 .debug_line    0x00000000      0x38c ./emlib/em_dac.o
 .debug_str     0x00000000      0x8c5 ./emlib/em_dac.o
 .comment       0x00000000       0x71 ./emlib/em_dac.o
 .debug_frame   0x00000000       0xac ./emlib/em_dac.o
 .ARM.attributes
                0x00000000       0x33 ./emlib/em_dac.o
 .text          0x00000000        0x0 ./emlib/em_ebi.o
 .data          0x00000000        0x0 ./emlib/em_ebi.o
 .bss           0x00000000        0x0 ./emlib/em_ebi.o
 .text.EBI_Init
                0x00000000      0x714 ./emlib/em_ebi.o
 .text.EBI_Disable
                0x00000000       0x10 ./emlib/em_ebi.o
 .text.EBI_BankEnable
                0x00000000       0x34 ./emlib/em_ebi.o
 .text.EBI_BankAddress
                0x00000000       0x80 ./emlib/em_ebi.o
 .text.EBI_ChipSelectEnable
                0x00000000       0x34 ./emlib/em_ebi.o
 .text.EBI_PolaritySet
                0x00000000       0x84 ./emlib/em_ebi.o
 .text.EBI_ReadTimingSet
                0x00000000       0x24 ./emlib/em_ebi.o
 .text.EBI_WriteTimingSet
                0x00000000       0x24 ./emlib/em_ebi.o
 .text.EBI_AddressTimingSet
                0x00000000       0x20 ./emlib/em_ebi.o
 .text.EBI_TFTInit
                0x00000000       0xec ./emlib/em_ebi.o
 .text.EBI_TFTSizeSet
                0x00000000       0x14 ./emlib/em_ebi.o
 .text.EBI_TFTHPorchSet
                0x00000000       0x14 ./emlib/em_ebi.o
 .text.EBI_TFTVPorchSet
                0x00000000       0x14 ./emlib/em_ebi.o
 .text.EBI_TFTTimingSet
                0x00000000       0x18 ./emlib/em_ebi.o
 .text.EBI_BankReadTimingConfig
                0x00000000       0x78 ./emlib/em_ebi.o
 .text.EBI_BankReadTimingSet
                0x00000000       0x60 ./emlib/em_ebi.o
 .text.EBI_BankWriteTimingConfig
                0x00000000       0x58 ./emlib/em_ebi.o
 .text.EBI_BankWriteTimingSet
                0x00000000       0x60 ./emlib/em_ebi.o
 .text.EBI_BankAddressTimingConfig
                0x00000000       0x34 ./emlib/em_ebi.o
 .text.EBI_BankAddressTimingSet
                0x00000000       0x60 ./emlib/em_ebi.o
 .text.EBI_BankPolaritySet
                0x00000000      0x108 ./emlib/em_ebi.o
 .text.EBI_BankByteLaneEnable
                0x00000000       0x34 ./emlib/em_ebi.o
 .text.EBI_AltMapEnable
                0x00000000        0xc ./emlib/em_ebi.o
 .rodata.CSWTCH.9
                0x00000000       0x3c ./emlib/em_ebi.o
 .debug_info    0x00000000     0x3180 ./emlib/em_ebi.o
 .debug_abbrev  0x00000000      0x31a ./emlib/em_ebi.o
 .debug_loc     0x00000000     0x2f54 ./emlib/em_ebi.o
 .debug_aranges
                0x00000000       0xd0 ./emlib/em_ebi.o
 .debug_ranges  0x00000000      0x7a0 ./emlib/em_ebi.o
 .debug_line    0x00000000      0x90f ./emlib/em_ebi.o
 .debug_str     0x00000000      0xdee ./emlib/em_ebi.o
 .comment       0x00000000       0x71 ./emlib/em_ebi.o
 .debug_frame   0x00000000      0x228 ./emlib/em_ebi.o
 .ARM.attributes
                0x00000000       0x33 ./emlib/em_ebi.o
 .text          0x00000000        0x0 ./emlib/em_emu.o
 .data          0x00000000        0x0 ./emlib/em_emu.o
 .bss           0x00000000        0x0 ./emlib/em_emu.o
 .text.EMU_EnterEM2
                0x00000000       0xf0 ./emlib/em_emu.o
 .text.EMU_EnterEM3
                0x00000000      0x110 ./emlib/em_emu.o
 .text.EMU_Save
                0x00000000       0x24 ./emlib/em_emu.o
 .text.EMU_Restore
                0x00000000       0x58 ./emlib/em_emu.o
 .text.EMU_EnterEM4
                0x00000000       0x30 ./emlib/em_emu.o
 .text.EMU_MemPwrDown
                0x00000000       0x10 ./emlib/em_emu.o
 .text.EMU_RamPowerDown
                0x00000000       0x50 ./emlib/em_emu.o
 .text.EMU_UpdateOscConfig
                0x00000000       0x24 ./emlib/em_emu.o
 .text.EMU_EM23Init
                0x00000000       0x24 ./emlib/em_emu.o
 .text.EMU_EM4Init
                0x00000000       0x2c ./emlib/em_emu.o
 .text.EMU_BUPDInit
                0x00000000       0x70 ./emlib/em_emu.o
 .text.EMU_BUThresholdSet
                0x00000000       0x28 ./emlib/em_emu.o
 .text.EMU_BUThresRangeSet
                0x00000000       0x2c ./emlib/em_emu.o
 .bss.hfClock.5820
                0x00000000        0x1 ./emlib/em_emu.o
 .bss.cmuStatus.5819
                0x00000000        0x4 ./emlib/em_emu.o
 .debug_info    0x00000000     0x14dc ./emlib/em_emu.o
 .debug_abbrev  0x00000000      0x357 ./emlib/em_emu.o
 .debug_loc     0x00000000      0x653 ./emlib/em_emu.o
 .debug_aranges
                0x00000000       0x80 ./emlib/em_emu.o
 .debug_ranges  0x00000000      0x220 ./emlib/em_emu.o
 .debug_line    0x00000000      0x634 ./emlib/em_emu.o
 .debug_str     0x00000000      0xc22 ./emlib/em_emu.o
 .comment       0x00000000       0x71 ./emlib/em_emu.o
 .debug_frame   0x00000000      0x148 ./emlib/em_emu.o
 .ARM.attributes
                0x00000000       0x33 ./emlib/em_emu.o
 .text          0x00000000        0x0 ./emlib/em_gpio.o
 .data          0x00000000        0x0 ./emlib/em_gpio.o
 .bss           0x00000000        0x0 ./emlib/em_gpio.o
 .text.GPIO_DbgLocationSet
                0x00000000       0x18 ./emlib/em_gpio.o
 .text.GPIO_DriveModeSet
                0x00000000       0x1c ./emlib/em_gpio.o
 .text.GPIO_ExtIntConfig
                0x00000000       0x78 ./emlib/em_gpio.o
 .text.GPIO_PinModeGet
                0x00000000       0x28 ./emlib/em_gpio.o
 .text.GPIO_EM4EnablePinWakeup
                0x00000000       0x40 ./emlib/em_gpio.o
 .text          0x00000000        0x0 ./emlib/em_system.o
 .data          0x00000000        0x0 ./emlib/em_system.o
 .bss           0x00000000        0x0 ./emlib/em_system.o
 .text.SYSTEM_GetCalibrationValue
                0x00000000       0x30 ./emlib/em_system.o
 .text          0x00000000        0x0 ./emlib/em_timer.o
 .data          0x00000000        0x0 ./emlib/em_timer.o
 .bss           0x00000000        0x0 ./emlib/em_timer.o
 .text.TIMER_Init
                0x00000000       0xc0 ./emlib/em_timer.o
 .text.TIMER_InitCC
                0x00000000       0x7c ./emlib/em_timer.o
 .text.TIMER_InitDTI
                0x00000000       0xf0 ./emlib/em_timer.o
 .text.TIMER_Reset
                0x00000000       0x48 ./emlib/em_timer.o
 .debug_info    0x00000000      0x94e ./emlib/em_timer.o
 .debug_abbrev  0x00000000      0x1bd ./emlib/em_timer.o
 .debug_loc     0x00000000      0x154 ./emlib/em_timer.o
 .debug_aranges
                0x00000000       0x38 ./emlib/em_timer.o
 .debug_ranges  0x00000000       0x58 ./emlib/em_timer.o
 .debug_line    0x00000000      0x3df ./emlib/em_timer.o
 .debug_str     0x00000000      0x979 ./emlib/em_timer.o
 .comment       0x00000000       0x71 ./emlib/em_timer.o
 .debug_frame   0x00000000       0x9c ./emlib/em_timer.o
 .ARM.attributes
                0x00000000       0x33 ./emlib/em_timer.o
 .text          0x00000000        0x0 ./emlib/em_usart.o
 .data          0x00000000        0x0 ./emlib/em_usart.o
 .bss           0x00000000        0x0 ./emlib/em_usart.o
 .text.USART_BaudrateAsyncSet
                0x00000000       0x68 ./emlib/em_usart.o
 .text.USART_BaudrateCalc
                0x00000000       0x7c ./emlib/em_usart.o
 .text.USART_BaudrateGet
                0x00000000       0xa0 ./emlib/em_usart.o
 .text.USART_BaudrateSyncSet
                0x00000000       0x24 ./emlib/em_usart.o
 .text.USART_Enable
                0x00000000       0x10 ./emlib/em_usart.o
 .text.USART_InitAsync
                0x00000000       0xdc ./emlib/em_usart.o
 .text.USART_InitSync
                0x00000000       0xc0 ./emlib/em_usart.o
 .text.USARTn_InitIrDA
                0x00000000      0x110 ./emlib/em_usart.o
 .text.USART_InitI2s
                0x00000000      0x10c ./emlib/em_usart.o
 .text.USART_InitPrsTrigger
                0x00000000       0x28 ./emlib/em_usart.o
 .text.USART_Reset
                0x00000000       0x54 ./emlib/em_usart.o
 .text.USART_Rx
                0x00000000        0xc ./emlib/em_usart.o
 .text.USART_RxDouble
                0x00000000        0xc ./emlib/em_usart.o
 .text.USART_RxDoubleExt
                0x00000000        0xc ./emlib/em_usart.o
 .text.USART_RxExt
                0x00000000        0xc ./emlib/em_usart.o
 .text.USART_SpiTransfer
                0x00000000       0x14 ./emlib/em_usart.o
 .text.USART_Tx
                0x00000000        0xc ./emlib/em_usart.o
 .text.USART_TxDouble
                0x00000000        0xc ./emlib/em_usart.o
 .text.USART_TxDoubleExt
                0x00000000        0xc ./emlib/em_usart.o
 .text.USART_TxExt
                0x00000000        0xc ./emlib/em_usart.o
 .debug_info    0x00000000     0x12a9 ./emlib/em_usart.o
 .debug_abbrev  0x00000000      0x2fb ./emlib/em_usart.o
 .debug_loc     0x00000000      0xb51 ./emlib/em_usart.o
 .debug_aranges
                0x00000000       0xb8 ./emlib/em_usart.o
 .debug_ranges  0x00000000      0x220 ./emlib/em_usart.o
 .debug_line    0x00000000      0x6d5 ./emlib/em_usart.o
 .debug_str     0x00000000      0xe0a ./emlib/em_usart.o
 .comment       0x00000000       0x71 ./emlib/em_usart.o
 .debug_frame   0x00000000      0x1e4 ./emlib/em_usart.o
 .ARM.attributes
                0x00000000       0x33 ./emlib/em_usart.o
 .text          0x00000000        0x0 ./src/adc.o
 .data          0x00000000        0x0 ./src/adc.o
 .bss           0x00000000        0x0 ./src/adc.o
 .debug_line    0x00000000        0x0 ./src/adc.o
 .debug_str     0x00000000      0x114 ./src/adc.o
 .comment       0x00000000       0x71 ./src/adc.o
 .ARM.attributes
                0x00000000       0x33 ./src/adc.o
 .text          0x00000000        0x0 ./src/main.o
 .data          0x00000000        0x0 ./src/main.o
 .bss           0x00000000        0x0 ./src/main.o
 .text.TIMER_config
                0x00000000       0x68 ./src/main.o
 .text.ADC_config
                0x00000000       0x64 ./src/main.o
 .text.ADC_CMU_config
                0x00000000       0x68 ./src/main.o
 .text.Delay    0x00000000       0x14 ./src/main.o
 .text.delay50ms
                0x00000000        0xc ./src/main.o
 .data.zold     0x00000000       0x60 ./src/main.o
 .data          0x00000000        0x0 c:/siliconlabs/simplicitystudio/v4/developer/toolchains/gnu_arm/4.9_2015q3/bin/../lib/gcc/arm-none-eabi/4.9.3/armv7-m\libgcc.a(_arm_addsubdf3.o)
 .bss           0x00000000        0x0 c:/siliconlabs/simplicitystudio/v4/developer/toolchains/gnu_arm/4.9_2015q3/bin/../lib/gcc/arm-none-eabi/4.9.3/armv7-m\libgcc.a(_arm_addsubdf3.o)
 .data          0x00000000        0x0 c:/siliconlabs/simplicitystudio/v4/developer/toolchains/gnu_arm/4.9_2015q3/bin/../lib/gcc/arm-none-eabi/4.9.3/armv7-m\libgcc.a(_arm_muldivdf3.o)
 .bss           0x00000000        0x0 c:/siliconlabs/simplicitystudio/v4/developer/toolchains/gnu_arm/4.9_2015q3/bin/../lib/gcc/arm-none-eabi/4.9.3/armv7-m\libgcc.a(_arm_muldivdf3.o)
 .text          0x00000000       0x30 c:/siliconlabs/simplicitystudio/v4/developer/toolchains/gnu_arm/4.9_2015q3/bin/../lib/gcc/arm-none-eabi/4.9.3/armv7-m\libgcc.a(_aeabi_uldivmod.o)
 .data          0x00000000        0x0 c:/siliconlabs/simplicitystudio/v4/developer/toolchains/gnu_arm/4.9_2015q3/bin/../lib/gcc/arm-none-eabi/4.9.3/armv7-m\libgcc.a(_aeabi_uldivmod.o)
 .bss           0x00000000        0x0 c:/siliconlabs/simplicitystudio/v4/developer/toolchains/gnu_arm/4.9_2015q3/bin/../lib/gcc/arm-none-eabi/4.9.3/armv7-m\libgcc.a(_aeabi_uldivmod.o)
 .debug_frame   0x00000000       0x28 c:/siliconlabs/simplicitystudio/v4/developer/toolchains/gnu_arm/4.9_2015q3/bin/../lib/gcc/arm-none-eabi/4.9.3/armv7-m\libgcc.a(_aeabi_uldivmod.o)
 .ARM.attributes
                0x00000000       0x1d c:/siliconlabs/simplicitystudio/v4/developer/toolchains/gnu_arm/4.9_2015q3/bin/../lib/gcc/arm-none-eabi/4.9.3/armv7-m\libgcc.a(_aeabi_uldivmod.o)
 .text          0x00000000       0x60 c:/siliconlabs/simplicitystudio/v4/developer/toolchains/gnu_arm/4.9_2015q3/bin/../lib/gcc/arm-none-eabi/4.9.3/armv7-m\libgcc.a(bpabi.o)
 .data          0x00000000        0x0 c:/siliconlabs/simplicitystudio/v4/developer/toolchains/gnu_arm/4.9_2015q3/bin/../lib/gcc/arm-none-eabi/4.9.3/armv7-m\libgcc.a(bpabi.o)
 .bss           0x00000000        0x0 c:/siliconlabs/simplicitystudio/v4/developer/toolchains/gnu_arm/4.9_2015q3/bin/../lib/gcc/arm-none-eabi/4.9.3/armv7-m\libgcc.a(bpabi.o)
 .debug_frame   0x00000000       0x54 c:/siliconlabs/simplicitystudio/v4/developer/toolchains/gnu_arm/4.9_2015q3/bin/../lib/gcc/arm-none-eabi/4.9.3/armv7-m\libgcc.a(bpabi.o)
 .ARM.attributes
                0x00000000       0x2d c:/siliconlabs/simplicitystudio/v4/developer/toolchains/gnu_arm/4.9_2015q3/bin/../lib/gcc/arm-none-eabi/4.9.3/armv7-m\libgcc.a(bpabi.o)
 .text          0x00000000        0x4 c:/siliconlabs/simplicitystudio/v4/developer/toolchains/gnu_arm/4.9_2015q3/bin/../lib/gcc/arm-none-eabi/4.9.3/armv7-m\libgcc.a(_dvmd_tls.o)
 .data          0x00000000        0x0 c:/siliconlabs/simplicitystudio/v4/developer/toolchains/gnu_arm/4.9_2015q3/bin/../lib/gcc/arm-none-eabi/4.9.3/armv7-m\libgcc.a(_dvmd_tls.o)
 .bss           0x00000000        0x0 c:/siliconlabs/simplicitystudio/v4/developer/toolchains/gnu_arm/4.9_2015q3/bin/../lib/gcc/arm-none-eabi/4.9.3/armv7-m\libgcc.a(_dvmd_tls.o)
 .ARM.attributes
                0x00000000       0x1d c:/siliconlabs/simplicitystudio/v4/developer/toolchains/gnu_arm/4.9_2015q3/bin/../lib/gcc/arm-none-eabi/4.9.3/armv7-m\libgcc.a(_dvmd_tls.o)
 .text          0x00000000      0x2ac c:/siliconlabs/simplicitystudio/v4/developer/toolchains/gnu_arm/4.9_2015q3/bin/../lib/gcc/arm-none-eabi/4.9.3/armv7-m\libgcc.a(_divdi3.o)
 .data          0x00000000        0x0 c:/siliconlabs/simplicitystudio/v4/developer/toolchains/gnu_arm/4.9_2015q3/bin/../lib/gcc/arm-none-eabi/4.9.3/armv7-m\libgcc.a(_divdi3.o)
 .bss           0x00000000        0x0 c:/siliconlabs/simplicitystudio/v4/developer/toolchains/gnu_arm/4.9_2015q3/bin/../lib/gcc/arm-none-eabi/4.9.3/armv7-m\libgcc.a(_divdi3.o)
 .ARM.extab     0x00000000        0x0 c:/siliconlabs/simplicitystudio/v4/developer/toolchains/gnu_arm/4.9_2015q3/bin/../lib/gcc/arm-none-eabi/4.9.3/armv7-m\libgcc.a(_divdi3.o)
 .ARM.exidx     0x00000000        0x8 c:/siliconlabs/simplicitystudio/v4/developer/toolchains/gnu_arm/4.9_2015q3/bin/../lib/gcc/arm-none-eabi/4.9.3/armv7-m\libgcc.a(_divdi3.o)
 .debug_frame   0x00000000       0x34 c:/siliconlabs/simplicitystudio/v4/developer/toolchains/gnu_arm/4.9_2015q3/bin/../lib/gcc/arm-none-eabi/4.9.3/armv7-m\libgcc.a(_divdi3.o)
 .ARM.attributes
                0x00000000       0x2d c:/siliconlabs/simplicitystudio/v4/developer/toolchains/gnu_arm/4.9_2015q3/bin/../lib/gcc/arm-none-eabi/4.9.3/armv7-m\libgcc.a(_divdi3.o)
 .text          0x00000000      0x270 c:/siliconlabs/simplicitystudio/v4/developer/toolchains/gnu_arm/4.9_2015q3/bin/../lib/gcc/arm-none-eabi/4.9.3/armv7-m\libgcc.a(_udivdi3.o)
 .data          0x00000000        0x0 c:/siliconlabs/simplicitystudio/v4/developer/toolchains/gnu_arm/4.9_2015q3/bin/../lib/gcc/arm-none-eabi/4.9.3/armv7-m\libgcc.a(_udivdi3.o)
 .bss           0x00000000        0x0 c:/siliconlabs/simplicitystudio/v4/developer/toolchains/gnu_arm/4.9_2015q3/bin/../lib/gcc/arm-none-eabi/4.9.3/armv7-m\libgcc.a(_udivdi3.o)
 .ARM.extab     0x00000000        0x0 c:/siliconlabs/simplicitystudio/v4/developer/toolchains/gnu_arm/4.9_2015q3/bin/../lib/gcc/arm-none-eabi/4.9.3/armv7-m\libgcc.a(_udivdi3.o)
 .ARM.exidx     0x00000000        0x8 c:/siliconlabs/simplicitystudio/v4/developer/toolchains/gnu_arm/4.9_2015q3/bin/../lib/gcc/arm-none-eabi/4.9.3/armv7-m\libgcc.a(_udivdi3.o)
 .debug_frame   0x00000000       0x34 c:/siliconlabs/simplicitystudio/v4/developer/toolchains/gnu_arm/4.9_2015q3/bin/../lib/gcc/arm-none-eabi/4.9.3/armv7-m\libgcc.a(_udivdi3.o)
 .ARM.attributes
                0x00000000       0x2d c:/siliconlabs/simplicitystudio/v4/developer/toolchains/gnu_arm/4.9_2015q3/bin/../lib/gcc/arm-none-eabi/4.9.3/armv7-m\libgcc.a(_udivdi3.o)
 .text          0x00000000        0x0 c:/siliconlabs/simplicitystudio/v4/developer/toolchains/gnu_arm/4.9_2015q3/bin/../lib/gcc/arm-none-eabi/4.9.3/../../../../arm-none-eabi/lib/armv7-m\libc_nano.a(lib_a-exit.o)
 .data          0x00000000        0x0 c:/siliconlabs/simplicitystudio/v4/developer/toolchains/gnu_arm/4.9_2015q3/bin/../lib/gcc/arm-none-eabi/4.9.3/../../../../arm-none-eabi/lib/armv7-m\libc_nano.a(lib_a-exit.o)
 .bss           0x00000000        0x0 c:/siliconlabs/simplicitystudio/v4/developer/toolchains/gnu_arm/4.9_2015q3/bin/../lib/gcc/arm-none-eabi/4.9.3/../../../../arm-none-eabi/lib/armv7-m\libc_nano.a(lib_a-exit.o)
 .text          0x00000000        0x0 c:/siliconlabs/simplicitystudio/v4/developer/toolchains/gnu_arm/4.9_2015q3/bin/../lib/gcc/arm-none-eabi/4.9.3/../../../../arm-none-eabi/lib/armv7-m\libc_nano.a(lib_a-impure.o)
 .data          0x00000000        0x0 c:/siliconlabs/simplicitystudio/v4/developer/toolchains/gnu_arm/4.9_2015q3/bin/../lib/gcc/arm-none-eabi/4.9.3/../../../../arm-none-eabi/lib/armv7-m\libc_nano.a(lib_a-impure.o)
 .bss           0x00000000        0x0 c:/siliconlabs/simplicitystudio/v4/developer/toolchains/gnu_arm/4.9_2015q3/bin/../lib/gcc/arm-none-eabi/4.9.3/../../../../arm-none-eabi/lib/armv7-m\libc_nano.a(lib_a-impure.o)
 .data._impure_ptr
                0x00000000        0x4 c:/siliconlabs/simplicitystudio/v4/developer/toolchains/gnu_arm/4.9_2015q3/bin/../lib/gcc/arm-none-eabi/4.9.3/../../../../arm-none-eabi/lib/armv7-m\libc_nano.a(lib_a-impure.o)
 .text          0x00000000        0x0 c:/siliconlabs/simplicitystudio/v4/developer/toolchains/gnu_arm/4.9_2015q3/bin/../lib/gcc/arm-none-eabi/4.9.3/../../../../arm-none-eabi/lib/armv7-m\libc_nano.a(lib_a-init.o)
 .data          0x00000000        0x0 c:/siliconlabs/simplicitystudio/v4/developer/toolchains/gnu_arm/4.9_2015q3/bin/../lib/gcc/arm-none-eabi/4.9.3/../../../../arm-none-eabi/lib/armv7-m\libc_nano.a(lib_a-init.o)
 .bss           0x00000000        0x0 c:/siliconlabs/simplicitystudio/v4/developer/toolchains/gnu_arm/4.9_2015q3/bin/../lib/gcc/arm-none-eabi/4.9.3/../../../../arm-none-eabi/lib/armv7-m\libc_nano.a(lib_a-init.o)
 .text          0x00000000        0x0 c:/siliconlabs/simplicitystudio/v4/developer/toolchains/gnu_arm/4.9_2015q3/bin/../lib/gcc/arm-none-eabi/4.9.3/../../../../arm-none-eabi/lib/armv7-m\libc_nano.a(lib_a-memcpy.o)
 .data          0x00000000        0x0 c:/siliconlabs/simplicitystudio/v4/developer/toolchains/gnu_arm/4.9_2015q3/bin/../lib/gcc/arm-none-eabi/4.9.3/../../../../arm-none-eabi/lib/armv7-m\libc_nano.a(lib_a-memcpy.o)
 .bss           0x00000000        0x0 c:/siliconlabs/simplicitystudio/v4/developer/toolchains/gnu_arm/4.9_2015q3/bin/../lib/gcc/arm-none-eabi/4.9.3/../../../../arm-none-eabi/lib/armv7-m\libc_nano.a(lib_a-memcpy.o)
 .text          0x00000000        0x0 c:/siliconlabs/simplicitystudio/v4/developer/toolchains/gnu_arm/4.9_2015q3/bin/../lib/gcc/arm-none-eabi/4.9.3/../../../../arm-none-eabi/lib/armv7-m\libc_nano.a(lib_a-memset.o)
 .data          0x00000000        0x0 c:/siliconlabs/simplicitystudio/v4/developer/toolchains/gnu_arm/4.9_2015q3/bin/../lib/gcc/arm-none-eabi/4.9.3/../../../../arm-none-eabi/lib/armv7-m\libc_nano.a(lib_a-memset.o)
 .bss           0x00000000        0x0 c:/siliconlabs/simplicitystudio/v4/developer/toolchains/gnu_arm/4.9_2015q3/bin/../lib/gcc/arm-none-eabi/4.9.3/../../../../arm-none-eabi/lib/armv7-m\libc_nano.a(lib_a-memset.o)
 .text          0x00000000        0x0 c:/siliconlabs/simplicitystudio/v4/developer/toolchains/gnu_arm/4.9_2015q3/bin/../lib/gcc/arm-none-eabi/4.9.3/../../../../arm-none-eabi/lib/armv7-m\libnosys.a(_exit.o)
 .data          0x00000000        0x0 c:/siliconlabs/simplicitystudio/v4/developer/toolchains/gnu_arm/4.9_2015q3/bin/../lib/gcc/arm-none-eabi/4.9.3/../../../../arm-none-eabi/lib/armv7-m\libnosys.a(_exit.o)
 .bss           0x00000000        0x0 c:/siliconlabs/simplicitystudio/v4/developer/toolchains/gnu_arm/4.9_2015q3/bin/../lib/gcc/arm-none-eabi/4.9.3/../../../../arm-none-eabi/lib/armv7-m\libnosys.a(_exit.o)
 .text          0x00000000        0x0 c:/siliconlabs/simplicitystudio/v4/developer/toolchains/gnu_arm/4.9_2015q3/bin/../lib/gcc/arm-none-eabi/4.9.3/armv7-m/crtend.o
 .data          0x00000000        0x0 c:/siliconlabs/simplicitystudio/v4/developer/toolchains/gnu_arm/4.9_2015q3/bin/../lib/gcc/arm-none-eabi/4.9.3/armv7-m/crtend.o
 .bss           0x00000000        0x0 c:/siliconlabs/simplicitystudio/v4/developer/toolchains/gnu_arm/4.9_2015q3/bin/../lib/gcc/arm-none-eabi/4.9.3/armv7-m/crtend.o
 .text          0x00000000        0x0 c:/siliconlabs/simplicitystudio/v4/developer/toolchains/gnu_arm/4.9_2015q3/bin/../lib/gcc/arm-none-eabi/4.9.3/armv7-m/crtn.o
 .data          0x00000000        0x0 c:/siliconlabs/simplicitystudio/v4/developer/toolchains/gnu_arm/4.9_2015q3/bin/../lib/gcc/arm-none-eabi/4.9.3/armv7-m/crtn.o
 .bss           0x00000000        0x0 c:/siliconlabs/simplicitystudio/v4/developer/toolchains/gnu_arm/4.9_2015q3/bin/../lib/gcc/arm-none-eabi/4.9.3/armv7-m/crtn.o

Memory Configuration

Name             Origin             Length             Attributes
FLASH            0x00000000         0x00100000         xr
RAM              0x20000000         0x00020000         xrw
*default*        0x00000000         0xffffffff

Linker script and memory map

LOAD c:/siliconlabs/simplicitystudio/v4/developer/toolchains/gnu_arm/4.9_2015q3/bin/../lib/gcc/arm-none-eabi/4.9.3/armv7-m/crti.o
LOAD c:/siliconlabs/simplicitystudio/v4/developer/toolchains/gnu_arm/4.9_2015q3/bin/../lib/gcc/arm-none-eabi/4.9.3/armv7-m/crtbegin.o
LOAD c:/siliconlabs/simplicitystudio/v4/developer/toolchains/gnu_arm/4.9_2015q3/bin/../lib/gcc/arm-none-eabi/4.9.3/../../../../arm-none-eabi/lib/armv7-m/crt0.o
LOAD ./CMSIS/EFM32GG/startup_efm32gg.o
LOAD ./CMSIS/EFM32GG/system_efm32gg.o
LOAD ./emlib/em_adc.o
LOAD ./emlib/em_assert.o
LOAD ./emlib/em_cmu.o
LOAD ./emlib/em_core.o
LOAD ./emlib/em_dac.o
LOAD ./emlib/em_ebi.o
LOAD ./emlib/em_emu.o
LOAD ./emlib/em_gpio.o
LOAD ./emlib/em_system.o
LOAD ./emlib/em_timer.o
LOAD ./emlib/em_usart.o
LOAD ./src/adc.o
LOAD ./src/main.o
START GROUP
LOAD c:/siliconlabs/simplicitystudio/v4/developer/toolchains/gnu_arm/4.9_2015q3/bin/../lib/gcc/arm-none-eabi/4.9.3/armv7-m\libgcc.a
LOAD c:/siliconlabs/simplicitystudio/v4/developer/toolchains/gnu_arm/4.9_2015q3/bin/../lib/gcc/arm-none-eabi/4.9.3/../../../../arm-none-eabi/lib/armv7-m\libc_nano.a
LOAD c:/siliconlabs/simplicitystudio/v4/developer/toolchains/gnu_arm/4.9_2015q3/bin/../lib/gcc/arm-none-eabi/4.9.3/../../../../arm-none-eabi/lib/armv7-m\libnosys.a
END GROUP
START GROUP
LOAD c:/siliconlabs/simplicitystudio/v4/developer/toolchains/gnu_arm/4.9_2015q3/bin/../lib/gcc/arm-none-eabi/4.9.3/armv7-m\libgcc.a
LOAD c:/siliconlabs/simplicitystudio/v4/developer/toolchains/gnu_arm/4.9_2015q3/bin/../lib/gcc/arm-none-eabi/4.9.3/../../../../arm-none-eabi/lib/armv7-m\libg_nano.a
LOAD c:/siliconlabs/simplicitystudio/v4/developer/toolchains/gnu_arm/4.9_2015q3/bin/../lib/gcc/arm-none-eabi/4.9.3/../../../../arm-none-eabi/lib/armv7-m\libc_nano.a
END GROUP
START GROUP
LOAD c:/siliconlabs/simplicitystudio/v4/developer/toolchains/gnu_arm/4.9_2015q3/bin/../lib/gcc/arm-none-eabi/4.9.3/armv7-m\libgcc.a
LOAD c:/siliconlabs/simplicitystudio/v4/developer/toolchains/gnu_arm/4.9_2015q3/bin/../lib/gcc/arm-none-eabi/4.9.3/../../../../arm-none-eabi/lib/armv7-m\libc_nano.a
END GROUP
LOAD c:/siliconlabs/simplicitystudio/v4/developer/toolchains/gnu_arm/4.9_2015q3/bin/../lib/gcc/arm-none-eabi/4.9.3/armv7-m/crtend.o
LOAD c:/siliconlabs/simplicitystudio/v4/developer/toolchains/gnu_arm/4.9_2015q3/bin/../lib/gcc/arm-none-eabi/4.9.3/armv7-m/crtn.o

.text           0x00000000     0x1b40
 *(.vectors)
 .vectors       0x00000000       0xdc ./CMSIS/EFM32GG/startup_efm32gg.o
                0x00000000                __Vectors
                0x000000dc                __Vectors_End = .
                0x000000dc                __Vectors_Size = (__Vectors_End - __Vectors)
                0x000000dc                __end__ = .
 *(.text*)
 .text          0x000000dc       0x5c c:/siliconlabs/simplicitystudio/v4/developer/toolchains/gnu_arm/4.9_2015q3/bin/../lib/gcc/arm-none-eabi/4.9.3/armv7-m/crtbegin.o
 .text          0x00000138       0x74 c:/siliconlabs/simplicitystudio/v4/developer/toolchains/gnu_arm/4.9_2015q3/bin/../lib/gcc/arm-none-eabi/4.9.3/../../../../arm-none-eabi/lib/armv7-m/crt0.o
                0x00000138                _start
                0x00000138                _mainCRTStartup
 .text          0x000001ac       0x30 ./CMSIS/EFM32GG/startup_efm32gg.o
                0x000001ac                Reset_Handler
                0x000001d8                DebugMon_Handler
                0x000001d8                USART0_TX_IRQHandler
                0x000001d8                I2C0_IRQHandler
                0x000001d8                HardFault_Handler
                0x000001d8                LEUART1_IRQHandler
                0x000001d8                USART1_RX_IRQHandler
                0x000001d8                PendSV_Handler
                0x000001d8                NMI_Handler
                0x000001d8                I2C1_IRQHandler
                0x000001d8                TIMER3_IRQHandler
                0x000001d8                USART1_TX_IRQHandler
                0x000001d8                MSC_IRQHandler
                0x000001d8                ADC0_IRQHandler
                0x000001d8                UsageFault_Handler
                0x000001d8                LEUART0_IRQHandler
                0x000001d8                GPIO_EVEN_IRQHandler
                0x000001d8                UART0_TX_IRQHandler
                0x000001d8                UART1_TX_IRQHandler
                0x000001d8                RTC_IRQHandler
                0x000001d8                TIMER2_IRQHandler
                0x000001d8                LCD_IRQHandler
                0x000001d8                PCNT2_IRQHandler
                0x000001d8                UART0_RX_IRQHandler
                0x000001d8                LETIMER0_IRQHandler
                0x000001d8                TIMER1_IRQHandler
                0x000001d8                USART2_RX_IRQHandler
                0x000001d8                Default_Handler
                0x000001d8                EMU_IRQHandler
                0x000001d8                PCNT0_IRQHandler
                0x000001d8                USB_IRQHandler
                0x000001d8                BURTC_IRQHandler
                0x000001d8                PCNT1_IRQHandler
                0x000001d8                ACMP0_IRQHandler
                0x000001d8                USART0_RX_IRQHandler
                0x000001d8                MemManage_Handler
                0x000001d8                SVC_Handler
                0x000001d8                DAC0_IRQHandler
                0x000001d8                UART1_RX_IRQHandler
                0x000001d8                CMU_IRQHandler
                0x000001d8                EBI_IRQHandler
                0x000001d8                LESENSE_IRQHandler
                0x000001d8                GPIO_ODD_IRQHandler
                0x000001d8                AES_IRQHandler
                0x000001d8                VCMP_IRQHandler
                0x000001d8                DMA_IRQHandler
                0x000001d8                BusFault_Handler
                0x000001d8                USART2_TX_IRQHandler
 .text.SystemCoreClockGet
                0x000001dc       0xdc ./CMSIS/EFM32GG/system_efm32gg.o
                0x000001dc                SystemCoreClockGet
 .text.SystemMaxCoreClockGet
                0x000002b8        0x8 ./CMSIS/EFM32GG/system_efm32gg.o
                0x000002b8                SystemMaxCoreClockGet
 .text.SystemHFClockGet
                0x000002c0       0xd0 ./CMSIS/EFM32GG/system_efm32gg.o
                0x000002c0                SystemHFClockGet
 .text.SystemHFXOClockGet
                0x00000390        0xc ./CMSIS/EFM32GG/system_efm32gg.o
                0x00000390                SystemHFXOClockGet
 .text.SystemInit
                0x0000039c        0x4 ./CMSIS/EFM32GG/system_efm32gg.o
                0x0000039c                SystemInit
 .text.SystemLFRCOClockGet
                0x000003a0        0x8 ./CMSIS/EFM32GG/system_efm32gg.o
                0x000003a0                SystemLFRCOClockGet
 .text.SystemULFRCOClockGet
                0x000003a8        0x8 ./CMSIS/EFM32GG/system_efm32gg.o
                0x000003a8                SystemULFRCOClockGet
 .text.SystemLFXOClockGet
                0x000003b0        0xc ./CMSIS/EFM32GG/system_efm32gg.o
                0x000003b0                SystemLFXOClockGet
 .text.setHfLeConfig
                0x000003bc       0xdc ./emlib/em_cmu.o
 .text.lfClkGet
                0x00000498      0x144 ./emlib/em_cmu.o
 .text.CMU_ClockSelectGet
                0x000005dc       0xc8 ./emlib/em_cmu.o
                0x000005dc                CMU_ClockSelectGet
 .text.CMU_ClockFreqGet
                0x000006a4      0x210 ./emlib/em_cmu.o
                0x000006a4                CMU_ClockFreqGet
 .text.CMU_ClockEnable
                0x000008b4       0x80 ./emlib/em_cmu.o
                0x000008b4                CMU_ClockEnable
 .text.CMU_ClockSelectSet
                0x00000934      0x358 ./emlib/em_cmu.o
                0x00000934                CMU_ClockSelectSet
 .text.CMU_OscillatorEnable
                0x00000c8c       0x74 ./emlib/em_cmu.o
                0x00000c8c                CMU_OscillatorEnable
 .text.GPIO_PinModeSet
                0x00000d00       0xa4 ./emlib/em_gpio.o
                0x00000d00                GPIO_PinModeSet
 .text.SYSTEM_ChipRevisionGet
                0x00000da4       0x34 ./emlib/em_system.o
                0x00000da4                SYSTEM_ChipRevisionGet
 .text.TIMER0_IRQHandler
                0x00000dd8       0x7c ./src/main.o
                0x00000dd8                TIMER0_IRQHandler
 .text.init_leds
                0x00000e54       0x30 ./src/main.o
                0x00000e54                init_leds
 .text.SysTick_Handler
                0x00000e84       0x10 ./src/main.o
                0x00000e84                SysTick_Handler
 .text.clear    0x00000e94       0x74 ./src/main.o
                0x00000e94                clear
 .text.startup.main
                0x00000f08      0x200 ./src/main.o
                0x00000f08                main
 .text          0x00001108      0x370 c:/siliconlabs/simplicitystudio/v4/developer/toolchains/gnu_arm/4.9_2015q3/bin/../lib/gcc/arm-none-eabi/4.9.3/armv7-m\libgcc.a(_arm_addsubdf3.o)
                0x00001108                __aeabi_drsub
                0x00001110                __aeabi_dsub
                0x00001110                __subdf3
                0x00001114                __aeabi_dadd
                0x00001114                __adddf3
                0x0000138c                __floatunsidf
                0x0000138c                __aeabi_ui2d
                0x000013ac                __floatsidf
                0x000013ac                __aeabi_i2d
                0x000013d0                __aeabi_f2d
                0x000013d0                __extendsfdf2
                0x0000140c                __floatundidf
                0x0000140c                __aeabi_ul2d
                0x0000141c                __floatdidf
                0x0000141c                __aeabi_l2d
 .text          0x00001478      0x424 c:/siliconlabs/simplicitystudio/v4/developer/toolchains/gnu_arm/4.9_2015q3/bin/../lib/gcc/arm-none-eabi/4.9.3/armv7-m\libgcc.a(_arm_muldivdf3.o)
                0x00001478                __aeabi_dmul
                0x00001478                __muldf3
                0x000016cc                __divdf3
                0x000016cc                __aeabi_ddiv
 .text.exit     0x0000189c       0x28 c:/siliconlabs/simplicitystudio/v4/developer/toolchains/gnu_arm/4.9_2015q3/bin/../lib/gcc/arm-none-eabi/4.9.3/../../../../arm-none-eabi/lib/armv7-m\libc_nano.a(lib_a-exit.o)
                0x0000189c                exit
 .text.__libc_init_array
                0x000018c4       0x4c c:/siliconlabs/simplicitystudio/v4/developer/toolchains/gnu_arm/4.9_2015q3/bin/../lib/gcc/arm-none-eabi/4.9.3/../../../../arm-none-eabi/lib/armv7-m\libc_nano.a(lib_a-init.o)
                0x000018c4                __libc_init_array
 .text.memcpy   0x00001910       0x16 c:/siliconlabs/simplicitystudio/v4/developer/toolchains/gnu_arm/4.9_2015q3/bin/../lib/gcc/arm-none-eabi/4.9.3/../../../../arm-none-eabi/lib/armv7-m\libc_nano.a(lib_a-memcpy.o)
                0x00001910                memcpy
 .text.memset   0x00001926       0x10 c:/siliconlabs/simplicitystudio/v4/developer/toolchains/gnu_arm/4.9_2015q3/bin/../lib/gcc/arm-none-eabi/4.9.3/../../../../arm-none-eabi/lib/armv7-m\libc_nano.a(lib_a-memset.o)
                0x00001926                memset
 *fill*         0x00001936        0x2 
 .text._exit    0x00001938        0x4 c:/siliconlabs/simplicitystudio/v4/developer/toolchains/gnu_arm/4.9_2015q3/bin/../lib/gcc/arm-none-eabi/4.9.3/../../../../arm-none-eabi/lib/armv7-m\libnosys.a(_exit.o)
                0x00001938                _exit
 *(.init)
 .init          0x0000193c        0x4 c:/siliconlabs/simplicitystudio/v4/developer/toolchains/gnu_arm/4.9_2015q3/bin/../lib/gcc/arm-none-eabi/4.9.3/armv7-m/crti.o
                0x0000193c                _init
 .init          0x00001940        0x8 c:/siliconlabs/simplicitystudio/v4/developer/toolchains/gnu_arm/4.9_2015q3/bin/../lib/gcc/arm-none-eabi/4.9.3/armv7-m/crtn.o
 *(.fini)
 .fini          0x00001948        0x4 c:/siliconlabs/simplicitystudio/v4/developer/toolchains/gnu_arm/4.9_2015q3/bin/../lib/gcc/arm-none-eabi/4.9.3/armv7-m/crti.o
                0x00001948                _fini
 .fini          0x0000194c        0x8 c:/siliconlabs/simplicitystudio/v4/developer/toolchains/gnu_arm/4.9_2015q3/bin/../lib/gcc/arm-none-eabi/4.9.3/armv7-m/crtn.o
 *crtbegin.o(.ctors)
 *crtbegin?.o(.ctors)
 *(EXCLUDE_FILE(*crtend.o *crtend?.o) .ctors)
 *(SORT(.ctors.*))
 *(.ctors)
 *crtbegin.o(.dtors)
 *crtbegin?.o(.dtors)
 *(EXCLUDE_FILE(*crtend.o *crtend?.o) .dtors)
 *(SORT(.dtors.*))
 *(.dtors)
 *(.rodata*)
 .rodata        0x00001954      0x1e0 ./src/main.o
 .rodata.str1.1
                0x00001b34        0x2 c:/siliconlabs/simplicitystudio/v4/developer/toolchains/gnu_arm/4.9_2015q3/bin/../lib/gcc/arm-none-eabi/4.9.3/../../../../arm-none-eabi/lib/armv7-m\libc_nano.a(lib_a-impure.o)
 *fill*         0x00001b36        0x2 
 .rodata._global_impure_ptr
                0x00001b38        0x4 c:/siliconlabs/simplicitystudio/v4/developer/toolchains/gnu_arm/4.9_2015q3/bin/../lib/gcc/arm-none-eabi/4.9.3/../../../../arm-none-eabi/lib/armv7-m\libc_nano.a(lib_a-impure.o)
                0x00001b38                _global_impure_ptr
 *(.eh_frame*)
 .eh_frame      0x00001b3c        0x0 c:/siliconlabs/simplicitystudio/v4/developer/toolchains/gnu_arm/4.9_2015q3/bin/../lib/gcc/arm-none-eabi/4.9.3/armv7-m/crtbegin.o
 .eh_frame      0x00001b3c        0x4 c:/siliconlabs/simplicitystudio/v4/developer/toolchains/gnu_arm/4.9_2015q3/bin/../lib/gcc/arm-none-eabi/4.9.3/armv7-m/crtend.o

.glue_7         0x00001b40        0x0
 .glue_7        0x00000000        0x0 linker stubs

.glue_7t        0x00001b40        0x0
 .glue_7t       0x00000000        0x0 linker stubs

.vfp11_veneer   0x00001b40        0x0
 .vfp11_veneer  0x00000000        0x0 linker stubs

.v4_bx          0x00001b40        0x0
 .v4_bx         0x00000000        0x0 linker stubs

.iplt           0x00001b40        0x0
 .iplt          0x00000000        0x0 c:/siliconlabs/simplicitystudio/v4/developer/toolchains/gnu_arm/4.9_2015q3/bin/../lib/gcc/arm-none-eabi/4.9.3/armv7-m/crtbegin.o

.ARM.extab
 *(.ARM.extab* .gnu.linkonce.armextab.*)
                0x00001b40                __exidx_start = .

.ARM.exidx      0x00001b40        0x8
 *(.ARM.exidx* .gnu.linkonce.armexidx.*)
 .ARM.exidx     0x00001b40        0x8 c:/siliconlabs/simplicitystudio/v4/developer/toolchains/gnu_arm/4.9_2015q3/bin/../lib/gcc/arm-none-eabi/4.9.3/../../../../arm-none-eabi/lib/armv7-m/crt0.o
                0x00001b48                __exidx_end = .
                0x00001b48                __etext = .

.rel.dyn        0x00001b48        0x0
 .rel.iplt      0x00000000        0x0 c:/siliconlabs/simplicitystudio/v4/developer/toolchains/gnu_arm/4.9_2015q3/bin/../lib/gcc/arm-none-eabi/4.9.3/armv7-m/crtbegin.o

.data           0x20000000       0x78 load address 0x00001b48
                0x20000000                __data_start__ = .
 *(vtable)
 *(.data*)
 .data.SystemLFXOClock
                0x20000000        0x4 ./CMSIS/EFM32GG/system_efm32gg.o
 .data.SystemHFXOClock
                0x20000004        0x4 ./CMSIS/EFM32GG/system_efm32gg.o
 .data.SystemCoreClock
                0x20000008        0x4 ./CMSIS/EFM32GG/system_efm32gg.o
                0x20000008                SystemCoreClock
 .data.impure_data
                0x2000000c       0x60 c:/siliconlabs/simplicitystudio/v4/developer/toolchains/gnu_arm/4.9_2015q3/bin/../lib/gcc/arm-none-eabi/4.9.3/../../../../arm-none-eabi/lib/armv7-m\libc_nano.a(lib_a-impure.o)
                0x2000006c                . = ALIGN (0x4)
 *(.ram)
                0x2000006c                . = ALIGN (0x4)
                0x2000006c                PROVIDE (__preinit_array_start, .)
 *(.preinit_array)
                0x2000006c                PROVIDE (__preinit_array_end, .)
                0x2000006c                . = ALIGN (0x4)
                0x2000006c                PROVIDE (__init_array_start, .)
 *(SORT(.init_array.*))
 *(.init_array)
 .init_array    0x2000006c        0x4 c:/siliconlabs/simplicitystudio/v4/developer/toolchains/gnu_arm/4.9_2015q3/bin/../lib/gcc/arm-none-eabi/4.9.3/armv7-m/crtbegin.o
                0x20000070                PROVIDE (__init_array_end, .)
                0x20000070                . = ALIGN (0x4)
                0x20000070                PROVIDE (__fini_array_start, .)
 *(SORT(.fini_array.*))
 *(.fini_array)
 .fini_array    0x20000070        0x4 c:/siliconlabs/simplicitystudio/v4/developer/toolchains/gnu_arm/4.9_2015q3/bin/../lib/gcc/arm-none-eabi/4.9.3/armv7-m/crtbegin.o
                0x20000074                PROVIDE (__fini_array_end, .)
 *(.jcr*)
 .jcr           0x20000074        0x0 c:/siliconlabs/simplicitystudio/v4/developer/toolchains/gnu_arm/4.9_2015q3/bin/../lib/gcc/arm-none-eabi/4.9.3/armv7-m/crtbegin.o
 .jcr           0x20000074        0x4 c:/siliconlabs/simplicitystudio/v4/developer/toolchains/gnu_arm/4.9_2015q3/bin/../lib/gcc/arm-none-eabi/4.9.3/armv7-m/crtend.o
                0x20000078                . = ALIGN (0x4)
                0x20000078                __data_end__ = .

.igot.plt       0x20000078        0x0 load address 0x00001bc0
 .igot.plt      0x00000000        0x0 c:/siliconlabs/simplicitystudio/v4/developer/toolchains/gnu_arm/4.9_2015q3/bin/../lib/gcc/arm-none-eabi/4.9.3/armv7-m/crtbegin.o

.bss            0x20000078      0x4e0 load address 0x00001bc0
                0x20000078                . = ALIGN (0x4)
                0x20000078                __bss_start__ = .
 *(.bss*)
 .bss           0x20000078       0x1c c:/siliconlabs/simplicitystudio/v4/developer/toolchains/gnu_arm/4.9_2015q3/bin/../lib/gcc/arm-none-eabi/4.9.3/armv7-m/crtbegin.o
 .bss.index     0x20000094        0x4 ./src/main.o
                0x20000094                index
 *(COMMON)
 COMMON         0x20000098      0x4c0 ./src/main.o
                0x20000098                ADC_data_in
                0x200000a0                AD_voltage
                0x200003c0                TimerCnt
                0x200003c4                ADC_data_in_tomb
                0x20000554                msTicks
                0x20000558                . = ALIGN (0x4)
                0x20000558                __bss_end__ = .

.heap           0x20000558      0xc00
                0x20000558                __HeapBase = .
                0x20000558                __end__ = .
                0x20000558                end = __end__
                0x20000558                _end = __end__
 *(.heap*)
 .heap          0x20000558      0xc00 ./CMSIS/EFM32GG/startup_efm32gg.o
                0x20001158                __HeapLimit = .

.stack_dummy    0x20000558      0x400
 *(.stack*)
 .stack         0x20000558      0x400 ./CMSIS/EFM32GG/startup_efm32gg.o
                0x20020000                __StackTop = (ORIGIN (RAM) + 0x20000)
                0x2001fc00                __StackLimit = (__StackTop - SIZEOF (.stack_dummy))
                0x20020000                PROVIDE (__stack, __StackTop)
                0x00000001                ASSERT ((__StackLimit >= __HeapLimit), region RAM overflowed with stack)
                0x00000001                ASSERT ((0x100000 >= (__etext + SIZEOF (.data))), FLASH memory overflowed !)
OUTPUT(Temalabor.axf elf32-littlearm)

.ARM.attributes
                0x00000000       0x29
 .ARM.attributes
                0x00000000       0x1d c:/siliconlabs/simplicitystudio/v4/developer/toolchains/gnu_arm/4.9_2015q3/bin/../lib/gcc/arm-none-eabi/4.9.3/armv7-m/crti.o
 .ARM.attributes
                0x0000001d       0x2d c:/siliconlabs/simplicitystudio/v4/developer/toolchains/gnu_arm/4.9_2015q3/bin/../lib/gcc/arm-none-eabi/4.9.3/armv7-m/crtbegin.o
 .ARM.attributes
                0x0000004a       0x1b c:/siliconlabs/simplicitystudio/v4/developer/toolchains/gnu_arm/4.9_2015q3/bin/../lib/gcc/arm-none-eabi/4.9.3/../../../../arm-none-eabi/lib/armv7-m/crt0.o
 .ARM.attributes
                0x00000065       0x1b ./CMSIS/EFM32GG/startup_efm32gg.o
 .ARM.attributes
                0x00000080       0x33 ./CMSIS/EFM32GG/system_efm32gg.o
 .ARM.attributes
                0x000000b3       0x33 ./emlib/em_cmu.o
 .ARM.attributes
                0x000000e6       0x33 ./emlib/em_gpio.o
 .ARM.attributes
                0x00000119       0x33 ./emlib/em_system.o
 .ARM.attributes
                0x0000014c       0x33 ./src/main.o
 .ARM.attributes
                0x0000017f       0x1d c:/siliconlabs/simplicitystudio/v4/developer/toolchains/gnu_arm/4.9_2015q3/bin/../lib/gcc/arm-none-eabi/4.9.3/armv7-m\libgcc.a(_arm_addsubdf3.o)
 .ARM.attributes
                0x0000019c       0x1d c:/siliconlabs/simplicitystudio/v4/developer/toolchains/gnu_arm/4.9_2015q3/bin/../lib/gcc/arm-none-eabi/4.9.3/armv7-m\libgcc.a(_arm_muldivdf3.o)
 .ARM.attributes
                0x000001b9       0x2d c:/siliconlabs/simplicitystudio/v4/developer/toolchains/gnu_arm/4.9_2015q3/bin/../lib/gcc/arm-none-eabi/4.9.3/../../../../arm-none-eabi/lib/armv7-m\libc_nano.a(lib_a-exit.o)
 .ARM.attributes
                0x000001e6       0x2d c:/siliconlabs/simplicitystudio/v4/developer/toolchains/gnu_arm/4.9_2015q3/bin/../lib/gcc/arm-none-eabi/4.9.3/../../../../arm-none-eabi/lib/armv7-m\libc_nano.a(lib_a-impure.o)
 .ARM.attributes
                0x00000213       0x2d c:/siliconlabs/simplicitystudio/v4/developer/toolchains/gnu_arm/4.9_2015q3/bin/../lib/gcc/arm-none-eabi/4.9.3/../../../../arm-none-eabi/lib/armv7-m\libc_nano.a(lib_a-init.o)
 .ARM.attributes
                0x00000240       0x2d c:/siliconlabs/simplicitystudio/v4/developer/toolchains/gnu_arm/4.9_2015q3/bin/../lib/gcc/arm-none-eabi/4.9.3/../../../../arm-none-eabi/lib/armv7-m\libc_nano.a(lib_a-memcpy.o)
 .ARM.attributes
                0x0000026d       0x2d c:/siliconlabs/simplicitystudio/v4/developer/toolchains/gnu_arm/4.9_2015q3/bin/../lib/gcc/arm-none-eabi/4.9.3/../../../../arm-none-eabi/lib/armv7-m\libc_nano.a(lib_a-memset.o)
 .ARM.attributes
                0x0000029a       0x2d c:/siliconlabs/simplicitystudio/v4/developer/toolchains/gnu_arm/4.9_2015q3/bin/../lib/gcc/arm-none-eabi/4.9.3/../../../../arm-none-eabi/lib/armv7-m\libnosys.a(_exit.o)
 .ARM.attributes
                0x000002c7       0x2d c:/siliconlabs/simplicitystudio/v4/developer/toolchains/gnu_arm/4.9_2015q3/bin/../lib/gcc/arm-none-eabi/4.9.3/armv7-m/crtend.o
 .ARM.attributes
                0x000002f4       0x1d c:/siliconlabs/simplicitystudio/v4/developer/toolchains/gnu_arm/4.9_2015q3/bin/../lib/gcc/arm-none-eabi/4.9.3/armv7-m/crtn.o

.comment        0x00000000       0x70
 .comment       0x00000000       0x70 ./CMSIS/EFM32GG/system_efm32gg.o
                                 0x71 (size before relaxing)
 .comment       0x00000000       0x71 ./emlib/em_cmu.o
 .comment       0x00000000       0x71 ./emlib/em_gpio.o
 .comment       0x00000000       0x71 ./emlib/em_system.o
 .comment       0x00000000       0x71 ./src/main.o

.debug_line     0x00000000     0x1f69
 .debug_line    0x00000000       0xd3 ./CMSIS/EFM32GG/startup_efm32gg.o
 .debug_line    0x000000d3      0x484 ./CMSIS/EFM32GG/system_efm32gg.o
 .debug_line    0x00000557      0xdb7 ./emlib/em_cmu.o
 .debug_line    0x0000130e      0x3db ./emlib/em_gpio.o
 .debug_line    0x000016e9      0x30d ./emlib/em_system.o
 .debug_line    0x000019f6      0x573 ./src/main.o

.debug_info     0x00000000     0x5846
 .debug_info    0x00000000      0x105 ./CMSIS/EFM32GG/startup_efm32gg.o
 .debug_info    0x00000105      0x6a9 ./CMSIS/EFM32GG/system_efm32gg.o
 .debug_info    0x000007ae     0x27d3 ./emlib/em_cmu.o
 .debug_info    0x00002f81      0x7cb ./emlib/em_gpio.o
 .debug_info    0x0000374c      0x273 ./emlib/em_system.o
 .debug_info    0x000039bf     0x1e87 ./src/main.o

.debug_abbrev   0x00000000      0xd8f
 .debug_abbrev  0x00000000       0x14 ./CMSIS/EFM32GG/startup_efm32gg.o
 .debug_abbrev  0x00000014      0x1b3 ./CMSIS/EFM32GG/system_efm32gg.o
 .debug_abbrev  0x000001c7      0x40c ./emlib/em_cmu.o
 .debug_abbrev  0x000005d3      0x2aa ./emlib/em_gpio.o
 .debug_abbrev  0x0000087d      0x116 ./emlib/em_system.o
 .debug_abbrev  0x00000993      0x3fc ./src/main.o

.debug_aranges  0x00000000      0x258
 .debug_aranges
                0x00000000       0x20 ./CMSIS/EFM32GG/startup_efm32gg.o
 .debug_aranges
                0x00000020       0x68 ./CMSIS/EFM32GG/system_efm32gg.o
 .debug_aranges
                0x00000088       0xf8 ./emlib/em_cmu.o
 .debug_aranges
                0x00000180       0x48 ./emlib/em_gpio.o
 .debug_aranges
                0x000001c8       0x28 ./emlib/em_system.o
 .debug_aranges
                0x000001f0       0x68 ./src/main.o

.debug_loc      0x00000000     0x3a63
 .debug_loc     0x00000000      0x36a ./CMSIS/EFM32GG/system_efm32gg.o
 .debug_loc     0x0000036a     0x2f0c ./emlib/em_cmu.o
 .debug_loc     0x00003276      0x54b ./emlib/em_gpio.o
 .debug_loc     0x000037c1       0x75 ./emlib/em_system.o
 .debug_loc     0x00003836      0x22d ./src/main.o

.debug_ranges   0x00000000      0xc20
 .debug_ranges  0x00000000      0x190 ./CMSIS/EFM32GG/system_efm32gg.o
 .debug_ranges  0x00000190      0x870 ./emlib/em_cmu.o
 .debug_ranges  0x00000a00       0xd0 ./emlib/em_gpio.o
 .debug_ranges  0x00000ad0       0x18 ./emlib/em_system.o
 .debug_ranges  0x00000ae8      0x138 ./src/main.o

.debug_str      0x00000000     0x23e3
 .debug_str     0x00000000      0x42a ./CMSIS/EFM32GG/system_efm32gg.o
                                0x4aa (size before relaxing)
 .debug_str     0x0000042a      0xd36 ./emlib/em_cmu.o
                               0x10ff (size before relaxing)
 .debug_str     0x00001160      0x3bb ./emlib/em_gpio.o
                                0x5e5 (size before relaxing)
 .debug_str     0x0000151b       0xfd ./emlib/em_system.o
                                0x2c5 (size before relaxing)
 .debug_str     0x00001618      0xdcb ./src/main.o
                               0x1792 (size before relaxing)

.debug_frame    0x00000000      0x600
 .debug_frame   0x00000000       0xb0 ./CMSIS/EFM32GG/system_efm32gg.o
 .debug_frame   0x000000b0      0x2c0 ./emlib/em_cmu.o
 .debug_frame   0x00000370       0x9c ./emlib/em_gpio.o
 .debug_frame   0x0000040c       0x30 ./emlib/em_system.o
 .debug_frame   0x0000043c      0x108 ./src/main.o
 .debug_frame   0x00000544       0x28 c:/siliconlabs/simplicitystudio/v4/developer/toolchains/gnu_arm/4.9_2015q3/bin/../lib/gcc/arm-none-eabi/4.9.3/../../../../arm-none-eabi/lib/armv7-m\libc_nano.a(lib_a-exit.o)
 .debug_frame   0x0000056c       0x2c c:/siliconlabs/simplicitystudio/v4/developer/toolchains/gnu_arm/4.9_2015q3/bin/../lib/gcc/arm-none-eabi/4.9.3/../../../../arm-none-eabi/lib/armv7-m\libc_nano.a(lib_a-init.o)
 .debug_frame   0x00000598       0x28 c:/siliconlabs/simplicitystudio/v4/developer/toolchains/gnu_arm/4.9_2015q3/bin/../lib/gcc/arm-none-eabi/4.9.3/../../../../arm-none-eabi/lib/armv7-m\libc_nano.a(lib_a-memcpy.o)
 .debug_frame   0x000005c0       0x20 c:/siliconlabs/simplicitystudio/v4/developer/toolchains/gnu_arm/4.9_2015q3/bin/../lib/gcc/arm-none-eabi/4.9.3/../../../../arm-none-eabi/lib/armv7-m\libc_nano.a(lib_a-memset.o)
 .debug_frame   0x000005e0       0x20 c:/siliconlabs/simplicitystudio/v4/developer/toolchains/gnu_arm/4.9_2015q3/bin/../lib/gcc/arm-none-eabi/4.9.3/../../../../arm-none-eabi/lib/armv7-m\libnosys.a(_exit.o)
